Component: ARM Compiler 5.06 update 6 (build 750) Tool: armlink [4d35ed]

==============================================================================

Section Cross References

    startup_mk64f12.o(STACK) refers (Special) to heapauxi.o(.text) for __use_two_region_memory
    startup_mk64f12.o(HEAP) refers (Special) to heapauxi.o(.text) for __use_two_region_memory
    startup_mk64f12.o(RESET) refers (Special) to heapauxi.o(.text) for __use_two_region_memory
    startup_mk64f12.o(RESET) refers to startup_mk64f12.o(STACK) for __initial_sp
    startup_mk64f12.o(RESET) refers to startup_mk64f12.o(.text) for Reset_Handler
    startup_mk64f12.o(.ARM.__at_0x400) refers (Special) to heapauxi.o(.text) for __use_two_region_memory
    startup_mk64f12.o(.text) refers (Special) to heapauxi.o(.text) for __use_two_region_memory
    startup_mk64f12.o(.text) refers to system_mk64f12.o(i.SystemInit) for SystemInit
    startup_mk64f12.o(.text) refers to framework.o(Myprog) for __main
    startup_mk64f12.o(.text) refers to startup_mk64f12.o(HEAP) for Heap_Mem
    startup_mk64f12.o(.text) refers to startup_mk64f12.o(STACK) for Stack_Mem
    system_mk64f12.o(i.SystemCoreClockUpdate) refers to system_mk64f12.o(.data) for SystemCoreClock


==============================================================================

Removing Unused input sections from the image.

    Removing system_mk64f12.o(.rev16_text), (4 bytes).
    Removing system_mk64f12.o(.revsh_text), (4 bytes).
    Removing system_mk64f12.o(.rrx_text), (6 bytes).
    Removing system_mk64f12.o(i.SystemCoreClockUpdate), (344 bytes).
    Removing system_mk64f12.o(.data), (4 bytes).

5 unused section(s) (total 362 bytes) removed from the image.

==============================================================================

Image Symbol Table

    Local Symbols

    Symbol Name                              Value     Ov Type        Size  Object(Section)

    RESET                                    0x00000000   Section     1024  startup_mk64f12.o(RESET)
    ../clib/heapaux.c                        0x00000000   Number         0  heapauxi.o ABSOLUTE
    C:\Users\pjc06\Downloads\Framework.s     0x00000000   Number         0  framework.o ABSOLUTE
    RTE\Device\MK64FN1M0xxx12\startup_MK64F12.s 0x00000000   Number         0  startup_mk64f12.o ABSOLUTE
    RTE\Device\MK64FN1M0xxx12\system_MK64F12.c 0x00000000   Number         0  system_mk64f12.o ABSOLUTE
    RTE\\Device\\MK64FN1M0xxx12\\system_MK64F12.c 0x00000000   Number         0  system_mk64f12.o ABSOLUTE
    dc.s                                     0x00000000   Number         0  dc.o ABSOLUTE
    .ARM.__at_0x400                          0x00000400   Section       16  startup_mk64f12.o(.ARM.__at_0x400)
    .text                                    0x00000410   Section       72  startup_mk64f12.o(.text)
    $v0                                      0x00000410   Number         0  startup_mk64f12.o(.text)
    .text                                    0x00000458   Section        0  heapauxi.o(.text)
    Myprog                                   0x00000460   Section      628  framework.o(Myprog)
    $v0                                      0x00000460   Number         0  framework.o(Myprog)
    i.SystemInit                             0x000006d4   Section        0  system_mk64f12.o(i.SystemInit)
    HEAP                                     0x20000000   Section        0  startup_mk64f12.o(HEAP)
    STACK                                    0x20000000   Section     1024  startup_mk64f12.o(STACK)
    Heap_Mem                                 0x20000000   Data           0  startup_mk64f12.o(HEAP)
    Stack_Mem                                0x20000000   Data        1024  startup_mk64f12.o(STACK)
    __initial_sp                             0x20000400   Data           0  startup_mk64f12.o(STACK)

    Global Symbols

    Symbol Name                              Value     Ov Type        Size  Object(Section)

    BuildAttributes$$THM_ISAv4$E$P$D$K$B$S$7EM$VFPi3$EXTD16$VFPS$VFMA$PE$A:L22UL41UL21$X:L11$S22US41US21$IEEE1$IW$USESV6$~STKCKD$USESV7$~SHL$OSPACE$ROPI$EBA8$STANDARDLIB$REQ8$EABIv2 0x00000000   Number         0  anon$$obj.o ABSOLUTE
    __Vectors                                0x00000000   Data           4  startup_mk64f12.o(RESET)
    __Vectors_End                            0x00000400   Data           0  startup_mk64f12.o(RESET)
    __Vectors_Size                           0x00000400   Number         0  startup_mk64f12.o ABSOLUTE
    init_data_bss                            0x00000411   Thumb Code     2  startup_mk64f12.o(.text)
    Reset_Handler                            0x00000413   Thumb Code    12  startup_mk64f12.o(.text)
    NMI_Handler                              0x0000041f   Thumb Code     2  startup_mk64f12.o(.text)
    HardFault_Handler                        0x00000421   Thumb Code     2  startup_mk64f12.o(.text)
    MemManage_Handler                        0x00000423   Thumb Code     2  startup_mk64f12.o(.text)
    BusFault_Handler                         0x00000425   Thumb Code     2  startup_mk64f12.o(.text)
    UsageFault_Handler                       0x00000427   Thumb Code     2  startup_mk64f12.o(.text)
    SVC_Handler                              0x00000429   Thumb Code     2  startup_mk64f12.o(.text)
    DebugMon_Handler                         0x0000042b   Thumb Code     2  startup_mk64f12.o(.text)
    PendSV_Handler                           0x0000042d   Thumb Code     2  startup_mk64f12.o(.text)
    SysTick_Handler                          0x0000042f   Thumb Code     2  startup_mk64f12.o(.text)
    ADC0_IRQHandler                          0x00000431   Thumb Code     0  startup_mk64f12.o(.text)
    ADC1_IRQHandler                          0x00000431   Thumb Code     0  startup_mk64f12.o(.text)
    CAN0_Bus_Off_IRQHandler                  0x00000431   Thumb Code     0  startup_mk64f12.o(.text)
    CAN0_Error_IRQHandler                    0x00000431   Thumb Code     0  startup_mk64f12.o(.text)
    CAN0_ORed_Message_buffer_IRQHandler      0x00000431   Thumb Code     0  startup_mk64f12.o(.text)
    CAN0_Rx_Warning_IRQHandler               0x00000431   Thumb Code     0  startup_mk64f12.o(.text)
    CAN0_Tx_Warning_IRQHandler               0x00000431   Thumb Code     0  startup_mk64f12.o(.text)
    CAN0_Wake_Up_IRQHandler                  0x00000431   Thumb Code     0  startup_mk64f12.o(.text)
    CMP0_IRQHandler                          0x00000431   Thumb Code     0  startup_mk64f12.o(.text)
    CMP1_IRQHandler                          0x00000431   Thumb Code     0  startup_mk64f12.o(.text)
    CMP2_IRQHandler                          0x00000431   Thumb Code     0  startup_mk64f12.o(.text)
    CMT_IRQHandler                           0x00000431   Thumb Code     0  startup_mk64f12.o(.text)
    DAC0_IRQHandler                          0x00000431   Thumb Code     0  startup_mk64f12.o(.text)
    DAC1_IRQHandler                          0x00000431   Thumb Code     0  startup_mk64f12.o(.text)
    DMA0_IRQHandler                          0x00000431   Thumb Code     0  startup_mk64f12.o(.text)
    DMA10_IRQHandler                         0x00000431   Thumb Code     0  startup_mk64f12.o(.text)
    DMA11_IRQHandler                         0x00000431   Thumb Code     0  startup_mk64f12.o(.text)
    DMA12_IRQHandler                         0x00000431   Thumb Code     0  startup_mk64f12.o(.text)
    DMA13_IRQHandler                         0x00000431   Thumb Code     0  startup_mk64f12.o(.text)
    DMA14_IRQHandler                         0x00000431   Thumb Code     0  startup_mk64f12.o(.text)
    DMA15_IRQHandler                         0x00000431   Thumb Code     0  startup_mk64f12.o(.text)
    DMA1_IRQHandler                          0x00000431   Thumb Code     0  startup_mk64f12.o(.text)
    DMA2_IRQHandler                          0x00000431   Thumb Code     0  startup_mk64f12.o(.text)
    DMA3_IRQHandler                          0x00000431   Thumb Code     0  startup_mk64f12.o(.text)
    DMA4_IRQHandler                          0x00000431   Thumb Code     0  startup_mk64f12.o(.text)
    DMA5_IRQHandler                          0x00000431   Thumb Code     0  startup_mk64f12.o(.text)
    DMA6_IRQHandler                          0x00000431   Thumb Code     0  startup_mk64f12.o(.text)
    DMA7_IRQHandler                          0x00000431   Thumb Code     0  startup_mk64f12.o(.text)
    DMA8_IRQHandler                          0x00000431   Thumb Code     0  startup_mk64f12.o(.text)
    DMA9_IRQHandler                          0x00000431   Thumb Code     0  startup_mk64f12.o(.text)
    DMA_Error_IRQHandler                     0x00000431   Thumb Code     0  startup_mk64f12.o(.text)
    DefaultISR                               0x00000431   Thumb Code     0  startup_mk64f12.o(.text)
    ENET_1588_Timer_IRQHandler               0x00000431   Thumb Code     0  startup_mk64f12.o(.text)
    ENET_Error_IRQHandler                    0x00000431   Thumb Code     0  startup_mk64f12.o(.text)
    ENET_Receive_IRQHandler                  0x00000431   Thumb Code     0  startup_mk64f12.o(.text)
    ENET_Transmit_IRQHandler                 0x00000431   Thumb Code     0  startup_mk64f12.o(.text)
    FTFE_IRQHandler                          0x00000431   Thumb Code     0  startup_mk64f12.o(.text)
    FTM0_IRQHandler                          0x00000431   Thumb Code     0  startup_mk64f12.o(.text)
    FTM1_IRQHandler                          0x00000431   Thumb Code     0  startup_mk64f12.o(.text)
    FTM2_IRQHandler                          0x00000431   Thumb Code     0  startup_mk64f12.o(.text)
    FTM3_IRQHandler                          0x00000431   Thumb Code     0  startup_mk64f12.o(.text)
    I2C0_IRQHandler                          0x00000431   Thumb Code     0  startup_mk64f12.o(.text)
    I2C1_IRQHandler                          0x00000431   Thumb Code     0  startup_mk64f12.o(.text)
    I2C2_IRQHandler                          0x00000431   Thumb Code     0  startup_mk64f12.o(.text)
    I2S0_Rx_IRQHandler                       0x00000431   Thumb Code     0  startup_mk64f12.o(.text)
    I2S0_Tx_IRQHandler                       0x00000431   Thumb Code     0  startup_mk64f12.o(.text)
    LLW_IRQHandler                           0x00000431   Thumb Code     0  startup_mk64f12.o(.text)
    LPTimer_IRQHandler                       0x00000431   Thumb Code     0  startup_mk64f12.o(.text)
    LVD_LVW_IRQHandler                       0x00000431   Thumb Code     0  startup_mk64f12.o(.text)
    MCG_IRQHandler                           0x00000431   Thumb Code     0  startup_mk64f12.o(.text)
    MCM_IRQHandler                           0x00000431   Thumb Code     0  startup_mk64f12.o(.text)
    PDB0_IRQHandler                          0x00000431   Thumb Code     0  startup_mk64f12.o(.text)
    PIT0_IRQHandler                          0x00000431   Thumb Code     0  startup_mk64f12.o(.text)
    PIT1_IRQHandler                          0x00000431   Thumb Code     0  startup_mk64f12.o(.text)
    PIT2_IRQHandler                          0x00000431   Thumb Code     0  startup_mk64f12.o(.text)
    PIT3_IRQHandler                          0x00000431   Thumb Code     0  startup_mk64f12.o(.text)
    PORTA_IRQHandler                         0x00000431   Thumb Code     0  startup_mk64f12.o(.text)
    PORTB_IRQHandler                         0x00000431   Thumb Code     0  startup_mk64f12.o(.text)
    PORTC_IRQHandler                         0x00000431   Thumb Code     0  startup_mk64f12.o(.text)
    PORTD_IRQHandler                         0x00000431   Thumb Code     0  startup_mk64f12.o(.text)
    PORTE_IRQHandler                         0x00000431   Thumb Code     0  startup_mk64f12.o(.text)
    RNG_IRQHandler                           0x00000431   Thumb Code     0  startup_mk64f12.o(.text)
    RTC_IRQHandler                           0x00000431   Thumb Code     0  startup_mk64f12.o(.text)
    RTC_Seconds_IRQHandler                   0x00000431   Thumb Code     0  startup_mk64f12.o(.text)
    Read_Collision_IRQHandler                0x00000431   Thumb Code     0  startup_mk64f12.o(.text)
    Reserved71_IRQHandler                    0x00000431   Thumb Code     0  startup_mk64f12.o(.text)
    SDHC_IRQHandler                          0x00000431   Thumb Code     0  startup_mk64f12.o(.text)
    SPI0_IRQHandler                          0x00000431   Thumb Code     0  startup_mk64f12.o(.text)
    SPI1_IRQHandler                          0x00000431   Thumb Code     0  startup_mk64f12.o(.text)
    SPI2_IRQHandler                          0x00000431   Thumb Code     0  startup_mk64f12.o(.text)
    SWI_IRQHandler                           0x00000431   Thumb Code     0  startup_mk64f12.o(.text)
    UART0_ERR_IRQHandler                     0x00000431   Thumb Code     0  startup_mk64f12.o(.text)
    UART0_LON_IRQHandler                     0x00000431   Thumb Code     0  startup_mk64f12.o(.text)
    UART0_RX_TX_IRQHandler                   0x00000431   Thumb Code     0  startup_mk64f12.o(.text)
    UART1_ERR_IRQHandler                     0x00000431   Thumb Code     0  startup_mk64f12.o(.text)
    UART1_RX_TX_IRQHandler                   0x00000431   Thumb Code     0  startup_mk64f12.o(.text)
    UART2_ERR_IRQHandler                     0x00000431   Thumb Code     0  startup_mk64f12.o(.text)
    UART2_RX_TX_IRQHandler                   0x00000431   Thumb Code     0  startup_mk64f12.o(.text)
    UART3_ERR_IRQHandler                     0x00000431   Thumb Code     0  startup_mk64f12.o(.text)
    UART3_RX_TX_IRQHandler                   0x00000431   Thumb Code     0  startup_mk64f12.o(.text)
    UART4_ERR_IRQHandler                     0x00000431   Thumb Code     0  startup_mk64f12.o(.text)
    UART4_RX_TX_IRQHandler                   0x00000431   Thumb Code     0  startup_mk64f12.o(.text)
    UART5_ERR_IRQHandler                     0x00000431   Thumb Code     0  startup_mk64f12.o(.text)
    UART5_RX_TX_IRQHandler                   0x00000431   Thumb Code     0  startup_mk64f12.o(.text)
    USB0_IRQHandler                          0x00000431   Thumb Code     0  startup_mk64f12.o(.text)
    USBDCD_IRQHandler                        0x00000431   Thumb Code     0  startup_mk64f12.o(.text)
    Watchdog_IRQHandler                      0x00000431   Thumb Code     0  startup_mk64f12.o(.text)
    __user_initial_stackheap                 0x00000435   Thumb Code     0  startup_mk64f12.o(.text)
    __use_two_region_memory                  0x00000459   Thumb Code     2  heapauxi.o(.text)
    __rt_heap_escrow$2region                 0x0000045b   Thumb Code     2  heapauxi.o(.text)
    __rt_heap_expand$2region                 0x0000045d   Thumb Code     2  heapauxi.o(.text)
    __main                                   0x00000461   Thumb Code     0  framework.o(Myprog)
    SystemInit                               0x000006d5   Thumb Code   136  system_mk64f12.o(i.SystemInit)



==============================================================================

Memory Map of the image

  Image Entry point : 0x00000413

  Load Region LR_1 (Base: 0x00000000, Size: 0x00000774, Max: 0xffffffff, ABSOLUTE)

    Execution Region ER_RO (Exec base: 0x00000000, Load base: 0x00000000, Size: 0x00000774, Max: 0xffffffff, ABSOLUTE)

    Exec Addr    Load Addr    Size         Type   Attr      Idx    E Section Name        Object

    0x00000000   0x00000000   0x00000400   Data   RO            8    RESET               startup_mk64f12.o
    0x00000400   0x00000400   0x00000010   Code   RO            9    .ARM.__at_0x400     startup_mk64f12.o
    0x00000410   0x00000410   0x00000048   Code   RO           10  * .text               startup_mk64f12.o
    0x00000458   0x00000458   0x00000006   Code   RO           74    .text               c_w.l(heapauxi.o)
    0x0000045e   0x0000045e   0x00000002   PAD
    0x00000460   0x00000460   0x00000274   Code   RO            1  * Myprog              framework.o
    0x000006d4   0x000006d4   0x000000a0   Code   RO           20    i.SystemInit        system_mk64f12.o


    Execution Region ER_RW (Exec base: 0x20000000, Load base: 0x00000774, Size: 0x00000000, Max: 0xffffffff, ABSOLUTE)

    **** No section assigned to this execution region ****


    Execution Region ER_ZI (Exec base: 0x20000000, Load base: 0x00000774, Size: 0x00000400, Max: 0xffffffff, ABSOLUTE)

    Exec Addr    Load Addr    Size         Type   Attr      Idx    E Section Name        Object

    0x20000000        -       0x00000000   Zero   RW            7    HEAP                startup_mk64f12.o
    0x20000000        -       0x00000400   Zero   RW            6    STACK               startup_mk64f12.o


==============================================================================

Image component sizes


      Code (inc. data)   RO Data    RW Data    ZI Data      Debug   Object Name

       628         20          0          0          0        516   framework.o
        88         44       1024          0       1024       1100   startup_mk64f12.o
       160         24          0          0          0       1989   system_mk64f12.o

    ----------------------------------------------------------------------
       876         88       1024          0       1024       3605   Object Totals
         0          0          0          0          0          0   (incl. Generated)
         0          0          0          0          0          0   (incl. Padding)

    ----------------------------------------------------------------------

      Code (inc. data)   RO Data    RW Data    ZI Data      Debug   Library Member Name

         6          0          0          0          0        152   heapauxi.o

    ----------------------------------------------------------------------
         8          0          0          0          0        152   Library Totals
         2          0          0          0          0          0   (incl. Padding)

    ----------------------------------------------------------------------

      Code (inc. data)   RO Data    RW Data    ZI Data      Debug   Library Name

         6          0          0          0          0        152   c_w.l

    ----------------------------------------------------------------------
         8          0          0          0          0        152   Library Totals

    ----------------------------------------------------------------------

==============================================================================


      Code (inc. data)   RO Data    RW Data    ZI Data      Debug   

       884         88       1024          0       1024       3757   Grand Totals
       884         88       1024          0       1024       3757   ELF Image Totals
       884         88       1024          0          0          0   ROM Totals

==============================================================================

    Total RO  Size (Code + RO Data)                 1908 (   1.86kB)
    Total RW  Size (RW Data + ZI Data)              1024 (   1.00kB)
    Total ROM Size (Code + RO Data + RW Data)       1908 (   1.86kB)

==============================================================================

